# generated on Thu Dec  9 14:58:53
# Top Cell: EMC08

------------------------------------------------------------
          timeDesign Summary                             
------------------------------------------------------------

+--------------------+---------+---------+---------+---------+---------+---------+
|     Setup mode     |   all   | reg2reg | in2reg  | reg2out | in2out  | clkgate |
+--------------------+---------+---------+---------+---------+---------+---------+
|           WNS (ns):|  0.597  |  0.597  |   N/A   |   N/A   |   N/A   |   N/A   |
|           TNS (ns):|  0.000  |  0.000  |   N/A   |   N/A   |   N/A   |   N/A   |
|    Violating Paths:|    0    |    0    |   N/A   |   N/A   |   N/A   |   N/A   |
|          All Paths:|  1430   |  1430   |   N/A   |   N/A   |   N/A   |   N/A   |
+--------------------+---------+---------+---------+---------+---------+---------+

+----------------+----------------------+---------+
|                |        Real          |  Total  |
|    DRVs        +---------+------------+---------|
|                |    Nr   | Worst Vio  |    Nr   |
+----------------+---------+------------+---------+
|   max_cap      |    0    |   0.000    |    1    |
|   max_tran     |    0    |   0.000    |    0    |
|   max_fanout   |    0    |     0      |    0    |
+----------------+---------+------------+---------+

Density: 42.164%
------------------------------------------------------------
