# generated on Thu Dec  9 15:01:11
# Top Cell: EMC08

------------------------------------------------------------
          timeDesign Summary                             
------------------------------------------------------------

+--------------------+---------+---------+---------+---------+---------+---------+
|     Hold mode      |   all   | reg2reg | in2reg  | reg2out | in2out  | clkgate |
+--------------------+---------+---------+---------+---------+---------+---------+
|           WNS (ns):|  0.800  |  0.800  |   N/A   |   N/A   |   N/A   |   N/A   |
|           TNS (ns):|  0.000  |  0.000  |   N/A   |   N/A   |   N/A   |   N/A   |
|    Violating Paths:|    0    |    0    |   N/A   |   N/A   |   N/A   |   N/A   |
|          All Paths:|  1430   |  1430   |   N/A   |   N/A   |   N/A   |   N/A   |
+--------------------+---------+---------+---------+---------+---------+---------+

Density: 42.327%
Routing Overflow: 0.00% H and 0.03% V
------------------------------------------------------------
